// Jest Snapshot v1, https://goo.gl/fbAQLP

exports[`should render homepage 1`] = `
<div>
  <div
    class="col-1"
    style="background-color: rgb(27, 0, 28); display: block; justify-content: space-between; position: absolute; right: 0px;"
  >
    <div
      class="col-1"
      style="height: 900px;"
    >
      <div
        class="btn-group"
        role="group"
        style="display: block;"
      >
        <button
          class="btn btn-primary"
          style="height: 60px; background-color: rgb(27, 0, 28); border-radius: 0px; border: 0px; color: rgb(215, 159, 71);"
          type="button"
        >
          <svg
            fill="none"
            height="24"
            stroke="currentColor"
            stroke-linecap="round"
            stroke-linejoin="round"
            stroke-width="2"
            viewBox="0 0 24 24"
            width="24"
            xmlns="http://www.w3.org/2000/svg"
          >
            <polyline
              points="23 4 23 10 17 10"
            />
            <polyline
              points="1 20 1 14 7 14"
            />
            <path
              d="M3.51 9a9 9 0 0 1 14.85-3.36L23 10M1 14l4.64 4.36A9 9 0 0 0 20.49 15"
            />
          </svg>
          <div>
            <span>
              Clean
            </span>
          </div>
        </button>
        <button
          class="btn btn-primary"
          style="height: 60px; background-color: rgb(27, 0, 28); border-radius: 0px; border: 0px; color: rgb(215, 159, 71);"
          type="button"
        >
          <svg
            fill="none"
            height="24"
            stroke="currentColor"
            stroke-linecap="round"
            stroke-linejoin="round"
            stroke-width="2"
            viewBox="0 0 24 24"
            width="24"
            xmlns="http://www.w3.org/2000/svg"
          >
            <circle
              cx="12"
              cy="12"
              r="3"
            />
            <path
              d="M19.4 15a1.65 1.65 0 0 0 .33 1.82l.06.06a2 2 0 0 1 0 2.83 2 2 0 0 1-2.83 0l-.06-.06a1.65 1.65 0 0 0-1.82-.33 1.65 1.65 0 0 0-1 1.51V21a2 2 0 0 1-2 2 2 2 0 0 1-2-2v-.09A1.65 1.65 0 0 0 9 19.4a1.65 1.65 0 0 0-1.82.33l-.06.06a2 2 0 0 1-2.83 0 2 2 0 0 1 0-2.83l.06-.06a1.65 1.65 0 0 0 .33-1.82 1.65 1.65 0 0 0-1.51-1H3a2 2 0 0 1-2-2 2 2 0 0 1 2-2h.09A1.65 1.65 0 0 0 4.6 9a1.65 1.65 0 0 0-.33-1.82l-.06-.06a2 2 0 0 1 0-2.83 2 2 0 0 1 2.83 0l.06.06a1.65 1.65 0 0 0 1.82.33H9a1.65 1.65 0 0 0 1-1.51V3a2 2 0 0 1 2-2 2 2 0 0 1 2 2v.09a1.65 1.65 0 0 0 1 1.51 1.65 1.65 0 0 0 1.82-.33l.06-.06a2 2 0 0 1 2.83 0 2 2 0 0 1 0 2.83l-.06.06a1.65 1.65 0 0 0-.33 1.82V9a1.65 1.65 0 0 0 1.51 1H21a2 2 0 0 1 2 2 2 2 0 0 1-2 2h-.09a1.65 1.65 0 0 0-1.51 1z"
            />
          </svg>
          <div>
            <span>
              Setting
            </span>
          </div>
        </button>
        <button
          class="btn btn-primary"
          style="height: 60px; background-color: rgb(27, 0, 28); border-radius: 0px; border: 0px; color: rgb(215, 159, 71);"
          type="button"
        >
          <svg
            fill="none"
            height="24"
            stroke="currentColor"
            stroke-linecap="round"
            stroke-linejoin="round"
            stroke-width="2"
            viewBox="0 0 24 24"
            width="24"
            xmlns="http://www.w3.org/2000/svg"
          >
            <path
              d="M2 3h6a4 4 0 0 1 4 4v14a3 3 0 0 0-3-3H2z"
            />
            <path
              d="M22 3h-6a4 4 0 0 0-4 4v14a3 3 0 0 1 3-3h7z"
            />
          </svg>
          <div>
            <span>
              Coures
            </span>
          </div>
        </button>
        <button
          class="btn btn-primary"
          style="height: 60px; background-color: rgb(27, 0, 28); border-radius: 0px; border: 0px; color: rgb(215, 159, 71);"
          type="button"
        >
          <svg
            fill="none"
            height="24"
            stroke="currentColor"
            stroke-linecap="round"
            stroke-linejoin="round"
            stroke-width="2"
            viewBox="0 0 24 24"
            width="24"
            xmlns="http://www.w3.org/2000/svg"
          >
            <circle
              cx="12"
              cy="12"
              r="10"
            />
            <line
              x1="2"
              x2="22"
              y1="12"
              y2="12"
            />
            <path
              d="M12 2a15.3 15.3 0 0 1 4 10 15.3 15.3 0 0 1-4 10 15.3 15.3 0 0 1-4-10 15.3 15.3 0 0 1 4-10z"
            />
          </svg>
          <div>
            <span>
              Hnitsd
            </span>
          </div>
        </button>
      </div>
    </div>
  </div>
</div>
`;
